
Discarded input sections

 .text          0x00000000        0x0 CMakeFiles\playdate_c_project_DEVICE.dir\src\main.c.obj
 .data          0x00000000        0x0 CMakeFiles\playdate_c_project_DEVICE.dir\src\main.c.obj
 .bss           0x00000000        0x0 CMakeFiles\playdate_c_project_DEVICE.dir\src\main.c.obj
 .text.getInput
                0x00000000        0xc CMakeFiles\playdate_c_project_DEVICE.dir\src\main.c.obj
 .text          0x00000000        0x0 CMakeFiles\playdate_c_project_DEVICE.dir\C_\PlaydateDependencies\playdate_sdk\PlaydateSDK\C_API\buildsupport\setup.c.obj
 .data          0x00000000        0x0 CMakeFiles\playdate_c_project_DEVICE.dir\C_\PlaydateDependencies\playdate_sdk\PlaydateSDK\C_API\buildsupport\setup.c.obj
 .bss           0x00000000        0x0 CMakeFiles\playdate_c_project_DEVICE.dir\C_\PlaydateDependencies\playdate_sdk\PlaydateSDK\C_API\buildsupport\setup.c.obj
 .text._malloc_r
                0x00000000       0x20 CMakeFiles\playdate_c_project_DEVICE.dir\C_\PlaydateDependencies\playdate_sdk\PlaydateSDK\C_API\buildsupport\setup.c.obj
 .text._realloc_r
                0x00000000       0x24 CMakeFiles\playdate_c_project_DEVICE.dir\C_\PlaydateDependencies\playdate_sdk\PlaydateSDK\C_API\buildsupport\setup.c.obj
 .text._free_r  0x00000000       0x24 CMakeFiles\playdate_c_project_DEVICE.dir\C_\PlaydateDependencies\playdate_sdk\PlaydateSDK\C_API\buildsupport\setup.c.obj

Memory Configuration

Name             Origin             Length             Attributes
*default*        0x00000000         0xffffffff

Linker script and memory map

LOAD CMakeFiles\playdate_c_project_DEVICE.dir\src\main.c.obj
LOAD CMakeFiles\playdate_c_project_DEVICE.dir\C_\PlaydateDependencies\playdate_sdk\PlaydateSDK\C_API\buildsupport\setup.c.obj
START GROUP
LOAD C:/PlaydateDependencies/arm_toolchain/bin/../lib/gcc/arm-none-eabi/14.2.1/thumb/v7e-m+fp/hard\libgcc.a
LOAD C:/PlaydateDependencies/arm_toolchain/bin/../lib/gcc/arm-none-eabi/14.2.1/thumb/v7e-m+fp/hard\libc.a
END GROUP
START GROUP
LOAD C:/PlaydateDependencies/arm_toolchain/bin/../lib/gcc/arm-none-eabi/14.2.1/thumb/v7e-m+fp/hard\libgcc.a
LOAD C:/PlaydateDependencies/arm_toolchain/bin/../lib/gcc/arm-none-eabi/14.2.1/thumb/v7e-m+fp/hard\libc.a
LOAD C:/PlaydateDependencies/arm_toolchain/bin/../lib/gcc/arm-none-eabi/14.2.1/thumb/v7e-m+fp/hard\libm.a
END GROUP

.text           0x00000000      0x2e2
 *(.text)
 *(.text.*)
 .text.eventHandler
                0x00000000       0x78 CMakeFiles\playdate_c_project_DEVICE.dir\src\main.c.obj
                0x00000000                eventHandler
 *fill*         0x00000078        0x8 
 .text.update   0x00000080      0x13c CMakeFiles\playdate_c_project_DEVICE.dir\src\main.c.obj
 *fill*         0x000001bc        0x4 
 .text.eventHandlerShim
                0x000001c0       0x3c CMakeFiles\playdate_c_project_DEVICE.dir\C_\PlaydateDependencies\playdate_sdk\PlaydateSDK\C_API\buildsupport\setup.c.obj
                0x000001c0                eventHandlerShim
 *(.init)
 *(.fini)
 *crtbegin.o(.ctors)
 *crtbegin?.o(.ctors)
 *(EXCLUDE_FILE(*crtend.o *crtend?.o) .ctors)
 *(SORT_BY_NAME(.ctors.*))
 *(.ctors)
 *crtbegin.o(.dtors)
 *crtbegin?.o(.dtors)
 *(EXCLUDE_FILE(*crtend.o *crtend?.o) .dtors)
 *(SORT_BY_NAME(.dtors.*))
 *(.dtors)
 *(.rodata*)
 .rodata        0x000001fc       0xe6 CMakeFiles\playdate_c_project_DEVICE.dir\src\main.c.obj
 *(.eh_frame*)

.glue_7         0x000002e4        0x0
 .glue_7        0x000002e4        0x0 linker stubs

.glue_7t        0x000002e4        0x0
 .glue_7t       0x000002e4        0x0 linker stubs

.vfp11_veneer   0x000002e4        0x0
 .vfp11_veneer  0x000002e4        0x0 linker stubs

.v4_bx          0x000002e4        0x0
 .v4_bx         0x000002e4        0x0 linker stubs

.iplt           0x000002e4        0x0
 .iplt          0x000002e4        0x0 CMakeFiles\playdate_c_project_DEVICE.dir\src\main.c.obj

.rel.dyn        0x000002e4        0x0
 .rel.iplt      0x000002e4        0x0 CMakeFiles\playdate_c_project_DEVICE.dir\src\main.c.obj

.data           0x000002e4       0x14
                0x000002e4                        __etext = .
                0x000002e4                        __data_start__ = .
 *(vtable)
 *(.data*)
 .data.fontpath
                0x000002e4        0x4 CMakeFiles\playdate_c_project_DEVICE.dir\src\main.c.obj
                0x000002e4                fontpath
 .data.x        0x000002e8        0x4 CMakeFiles\playdate_c_project_DEVICE.dir\src\main.c.obj
                0x000002e8                x
 .data.y        0x000002ec        0x4 CMakeFiles\playdate_c_project_DEVICE.dir\src\main.c.obj
                0x000002ec                y
 .data.dx       0x000002f0        0x4 CMakeFiles\playdate_c_project_DEVICE.dir\src\main.c.obj
                0x000002f0                dx
 .data.dy       0x000002f4        0x4 CMakeFiles\playdate_c_project_DEVICE.dir\src\main.c.obj
                0x000002f4                dy
                0x000002f8                        . = ALIGN (0x4)
                [!provide]                        PROVIDE (__preinit_array_start = .)
 *(.preinit_array)
                [!provide]                        PROVIDE (__preinit_array_end = .)
                0x000002f8                        . = ALIGN (0x4)
                [!provide]                        PROVIDE (__init_array_start = .)
 *(SORT_BY_NAME(.init_array.*))
 *(.init_array)
                [!provide]                        PROVIDE (__init_array_end = .)
                0x000002f8                        . = ALIGN (0x4)
                [!provide]                        PROVIDE (__fini_array_start = .)
 *(SORT_BY_NAME(.fini_array.*))
 *(.fini_array)
                [!provide]                        PROVIDE (__fini_array_end = .)
                0x000002f8                        . = ALIGN (0x4)
                0x000002f8                        __data_end__ = .

.igot.plt       0x000002f8        0x0
 .igot.plt      0x000002f8        0x0 CMakeFiles\playdate_c_project_DEVICE.dir\src\main.c.obj

.bss            0x000002f8        0xc
                0x000002f8                        . = ALIGN (0x4)
                0x000002f8                        __bss_start__ = .
 *(.bss*)
 .bss.font      0x000002f8        0x4 CMakeFiles\playdate_c_project_DEVICE.dir\src\main.c.obj
                0x000002f8                font
 .bss.bDrawEllipse
                0x000002fc        0x4 CMakeFiles\playdate_c_project_DEVICE.dir\src\main.c.obj
                0x000002fc                bDrawEllipse
 .bss.pdrealloc
                0x00000300        0x4 CMakeFiles\playdate_c_project_DEVICE.dir\C_\PlaydateDependencies\playdate_sdk\PlaydateSDK\C_API\buildsupport\setup.c.obj
 *(COMMON)
 *(COM)
                0x00000304                        . = ALIGN (0x4)
                0x00000304                        __bss_end__ = .

/DISCARD/
 *(.ARM.exidx)
OUTPUT(playdate_c_project_DEVICE.elf elf32-littlearm)
LOAD linker stubs

.debug_info     0x00000000     0xc24b
 .debug_info    0x00000000     0x5d7a CMakeFiles\playdate_c_project_DEVICE.dir\src\main.c.obj
 .debug_info    0x00005d7a     0x64d1 CMakeFiles\playdate_c_project_DEVICE.dir\C_\PlaydateDependencies\playdate_sdk\PlaydateSDK\C_API\buildsupport\setup.c.obj

.debug_abbrev   0x00000000      0x581
 .debug_abbrev  0x00000000      0x2ac CMakeFiles\playdate_c_project_DEVICE.dir\src\main.c.obj
 .debug_abbrev  0x000002ac      0x2d5 CMakeFiles\playdate_c_project_DEVICE.dir\C_\PlaydateDependencies\playdate_sdk\PlaydateSDK\C_API\buildsupport\setup.c.obj

.debug_loc      0x00000000      0x17c
 .debug_loc     0x00000000       0x9c CMakeFiles\playdate_c_project_DEVICE.dir\src\main.c.obj
 .debug_loc     0x0000009c       0xe0 CMakeFiles\playdate_c_project_DEVICE.dir\C_\PlaydateDependencies\playdate_sdk\PlaydateSDK\C_API\buildsupport\setup.c.obj

.debug_aranges  0x00000000       0x68
 .debug_aranges
                0x00000000       0x30 CMakeFiles\playdate_c_project_DEVICE.dir\src\main.c.obj
 .debug_aranges
                0x00000030       0x38 CMakeFiles\playdate_c_project_DEVICE.dir\C_\PlaydateDependencies\playdate_sdk\PlaydateSDK\C_API\buildsupport\setup.c.obj

.debug_ranges   0x00000000       0x48
 .debug_ranges  0x00000000       0x20 CMakeFiles\playdate_c_project_DEVICE.dir\src\main.c.obj
 .debug_ranges  0x00000020       0x28 CMakeFiles\playdate_c_project_DEVICE.dir\C_\PlaydateDependencies\playdate_sdk\PlaydateSDK\C_API\buildsupport\setup.c.obj

.debug_line     0x00000000      0x78e
 .debug_line    0x00000000      0x410 CMakeFiles\playdate_c_project_DEVICE.dir\src\main.c.obj
 .debug_line    0x00000410      0x37e CMakeFiles\playdate_c_project_DEVICE.dir\C_\PlaydateDependencies\playdate_sdk\PlaydateSDK\C_API\buildsupport\setup.c.obj

.debug_str      0x00000000     0x2ddf
 .debug_str     0x00000000     0x2ddf CMakeFiles\playdate_c_project_DEVICE.dir\src\main.c.obj
                               0x2c5e (size before relaxing)
 .debug_str     0x00002ddf     0x2f76 CMakeFiles\playdate_c_project_DEVICE.dir\C_\PlaydateDependencies\playdate_sdk\PlaydateSDK\C_API\buildsupport\setup.c.obj

.comment        0x00000000       0x45
 .comment       0x00000000       0x45 CMakeFiles\playdate_c_project_DEVICE.dir\src\main.c.obj
                                 0x46 (size before relaxing)
 .comment       0x00000045       0x46 CMakeFiles\playdate_c_project_DEVICE.dir\C_\PlaydateDependencies\playdate_sdk\PlaydateSDK\C_API\buildsupport\setup.c.obj

.ARM.attributes
                0x00000000       0x34
 .ARM.attributes
                0x00000000       0x34 CMakeFiles\playdate_c_project_DEVICE.dir\src\main.c.obj
 .ARM.attributes
                0x00000034       0x34 CMakeFiles\playdate_c_project_DEVICE.dir\C_\PlaydateDependencies\playdate_sdk\PlaydateSDK\C_API\buildsupport\setup.c.obj

.debug_frame    0x00000000       0xe8
 .debug_frame   0x00000000       0x68 CMakeFiles\playdate_c_project_DEVICE.dir\src\main.c.obj
 .debug_frame   0x00000068       0x80 CMakeFiles\playdate_c_project_DEVICE.dir\C_\PlaydateDependencies\playdate_sdk\PlaydateSDK\C_API\buildsupport\setup.c.obj

Cross Reference Table

Symbol                                            File
_free_r                                           CMakeFiles\playdate_c_project_DEVICE.dir\C_\PlaydateDependencies\playdate_sdk\PlaydateSDK\C_API\buildsupport\setup.c.obj
_malloc_r                                         CMakeFiles\playdate_c_project_DEVICE.dir\C_\PlaydateDependencies\playdate_sdk\PlaydateSDK\C_API\buildsupport\setup.c.obj
_realloc_r                                        CMakeFiles\playdate_c_project_DEVICE.dir\C_\PlaydateDependencies\playdate_sdk\PlaydateSDK\C_API\buildsupport\setup.c.obj
bDrawEllipse                                      CMakeFiles\playdate_c_project_DEVICE.dir\src\main.c.obj
dx                                                CMakeFiles\playdate_c_project_DEVICE.dir\src\main.c.obj
dy                                                CMakeFiles\playdate_c_project_DEVICE.dir\src\main.c.obj
eventHandler                                      CMakeFiles\playdate_c_project_DEVICE.dir\src\main.c.obj
                                                  CMakeFiles\playdate_c_project_DEVICE.dir\C_\PlaydateDependencies\playdate_sdk\PlaydateSDK\C_API\buildsupport\setup.c.obj
eventHandlerShim                                  CMakeFiles\playdate_c_project_DEVICE.dir\C_\PlaydateDependencies\playdate_sdk\PlaydateSDK\C_API\buildsupport\setup.c.obj
font                                              CMakeFiles\playdate_c_project_DEVICE.dir\src\main.c.obj
fontpath                                          CMakeFiles\playdate_c_project_DEVICE.dir\src\main.c.obj
x                                                 CMakeFiles\playdate_c_project_DEVICE.dir\src\main.c.obj
y                                                 CMakeFiles\playdate_c_project_DEVICE.dir\src\main.c.obj
