Archive member included to satisfy reference by file (symbol)

C:/PlaydateDependencies/arm_toolchain/bin/../lib/gcc/arm-none-eabi/14.2.1/thumb/v7e-m+fp/hard\libc.a(libc_a-rand.o)
                              CMakeFiles\playdate_c_project_DEVICE.dir\src\main.c.obj (rand)
C:/PlaydateDependencies/arm_toolchain/bin/../lib/gcc/arm-none-eabi/14.2.1/thumb/v7e-m+fp/hard\libc.a(libc_a-memset.o)
                              CMakeFiles\playdate_c_project_DEVICE.dir\src\main.c.obj (memset)
C:/PlaydateDependencies/arm_toolchain/bin/../lib/gcc/arm-none-eabi/14.2.1/thumb/v7e-m+fp/hard\libc.a(libc_a-impure.o)
                              C:/PlaydateDependencies/arm_toolchain/bin/../lib/gcc/arm-none-eabi/14.2.1/thumb/v7e-m+fp/hard\libc.a(libc_a-rand.o) (_impure_ptr)
C:/PlaydateDependencies/arm_toolchain/bin/../lib/gcc/arm-none-eabi/14.2.1/thumb/v7e-m+fp/hard\libc.a(libc_a-findfp.o)
                              C:/PlaydateDependencies/arm_toolchain/bin/../lib/gcc/arm-none-eabi/14.2.1/thumb/v7e-m+fp/hard\libc.a(libc_a-impure.o) (__sf)
C:/PlaydateDependencies/arm_toolchain/bin/../lib/gcc/arm-none-eabi/14.2.1/thumb/v7e-m+fp/hard\libc.a(libc_a-fwalk.o)
                              C:/PlaydateDependencies/arm_toolchain/bin/../lib/gcc/arm-none-eabi/14.2.1/thumb/v7e-m+fp/hard\libc.a(libc_a-findfp.o) (_fwalk_sglue)
C:/PlaydateDependencies/arm_toolchain/bin/../lib/gcc/arm-none-eabi/14.2.1/thumb/v7e-m+fp/hard\libc.a(libc_a-stdio.o)
                              C:/PlaydateDependencies/arm_toolchain/bin/../lib/gcc/arm-none-eabi/14.2.1/thumb/v7e-m+fp/hard\libc.a(libc_a-findfp.o) (__sread)
C:/PlaydateDependencies/arm_toolchain/bin/../lib/gcc/arm-none-eabi/14.2.1/thumb/v7e-m+fp/hard\libc.a(libc_a-closer.o)
                              C:/PlaydateDependencies/arm_toolchain/bin/../lib/gcc/arm-none-eabi/14.2.1/thumb/v7e-m+fp/hard\libc.a(libc_a-stdio.o) (_close_r)
C:/PlaydateDependencies/arm_toolchain/bin/../lib/gcc/arm-none-eabi/14.2.1/thumb/v7e-m+fp/hard\libc.a(libc_a-reent.o)
                              C:/PlaydateDependencies/arm_toolchain/bin/../lib/gcc/arm-none-eabi/14.2.1/thumb/v7e-m+fp/hard\libc.a(libc_a-closer.o) (errno)
C:/PlaydateDependencies/arm_toolchain/bin/../lib/gcc/arm-none-eabi/14.2.1/thumb/v7e-m+fp/hard\libc.a(libc_a-lseekr.o)
                              C:/PlaydateDependencies/arm_toolchain/bin/../lib/gcc/arm-none-eabi/14.2.1/thumb/v7e-m+fp/hard\libc.a(libc_a-stdio.o) (_lseek_r)
C:/PlaydateDependencies/arm_toolchain/bin/../lib/gcc/arm-none-eabi/14.2.1/thumb/v7e-m+fp/hard\libc.a(libc_a-readr.o)
                              C:/PlaydateDependencies/arm_toolchain/bin/../lib/gcc/arm-none-eabi/14.2.1/thumb/v7e-m+fp/hard\libc.a(libc_a-stdio.o) (_read_r)
C:/PlaydateDependencies/arm_toolchain/bin/../lib/gcc/arm-none-eabi/14.2.1/thumb/v7e-m+fp/hard\libc.a(libc_a-writer.o)
                              C:/PlaydateDependencies/arm_toolchain/bin/../lib/gcc/arm-none-eabi/14.2.1/thumb/v7e-m+fp/hard\libc.a(libc_a-stdio.o) (_write_r)
C:/PlaydateDependencies/arm_toolchain/bin/../lib/gcc/arm-none-eabi/14.2.1/thumb/v7e-m+fp/hard\libc.a(libc_a-lock.o)
                              C:/PlaydateDependencies/arm_toolchain/bin/../lib/gcc/arm-none-eabi/14.2.1/thumb/v7e-m+fp/hard\libc.a(libc_a-findfp.o) (__retarget_lock_init_recursive)
C:/PlaydateDependencies/arm_toolchain/bin/../lib/gcc/arm-none-eabi/14.2.1/thumb/v7e-m+fp/hard\libc.a(libc_a-fclose.o)
                              C:/PlaydateDependencies/arm_toolchain/bin/../lib/gcc/arm-none-eabi/14.2.1/thumb/v7e-m+fp/hard\libc.a(libc_a-findfp.o) (_fclose_r)
C:/PlaydateDependencies/arm_toolchain/bin/../lib/gcc/arm-none-eabi/14.2.1/thumb/v7e-m+fp/hard\libc.a(libc_a-fflush.o)
                              C:/PlaydateDependencies/arm_toolchain/bin/../lib/gcc/arm-none-eabi/14.2.1/thumb/v7e-m+fp/hard\libc.a(libc_a-fclose.o) (__sflush_r)

Discarded input sections

 .text          0x00000000        0x0 CMakeFiles\playdate_c_project_DEVICE.dir\src\main.c.obj
 .data          0x00000000        0x0 CMakeFiles\playdate_c_project_DEVICE.dir\src\main.c.obj
 .bss           0x00000000        0x0 CMakeFiles\playdate_c_project_DEVICE.dir\src\main.c.obj
 .bss.gameObject
                0x00000000       0x30 CMakeFiles\playdate_c_project_DEVICE.dir\src\main.c.obj
 .bss.bDrawEllipse
                0x00000000        0x4 CMakeFiles\playdate_c_project_DEVICE.dir\src\main.c.obj
 .text.getInput
                0x00000000        0xc CMakeFiles\playdate_c_project_DEVICE.dir\src\main.c.obj
 .text          0x00000000        0x0 CMakeFiles\playdate_c_project_DEVICE.dir\C_\PlaydateDependencies\playdate_sdk\PlaydateSDK\C_API\buildsupport\setup.c.obj
 .data          0x00000000        0x0 CMakeFiles\playdate_c_project_DEVICE.dir\C_\PlaydateDependencies\playdate_sdk\PlaydateSDK\C_API\buildsupport\setup.c.obj
 .bss           0x00000000        0x0 CMakeFiles\playdate_c_project_DEVICE.dir\C_\PlaydateDependencies\playdate_sdk\PlaydateSDK\C_API\buildsupport\setup.c.obj
 .text._malloc_r
                0x00000000       0x20 CMakeFiles\playdate_c_project_DEVICE.dir\C_\PlaydateDependencies\playdate_sdk\PlaydateSDK\C_API\buildsupport\setup.c.obj
 .text._realloc_r
                0x00000000       0x24 CMakeFiles\playdate_c_project_DEVICE.dir\C_\PlaydateDependencies\playdate_sdk\PlaydateSDK\C_API\buildsupport\setup.c.obj
 .text._free_r  0x00000000       0x24 CMakeFiles\playdate_c_project_DEVICE.dir\C_\PlaydateDependencies\playdate_sdk\PlaydateSDK\C_API\buildsupport\setup.c.obj
 .text          0x00000000        0x0 C:/PlaydateDependencies/arm_toolchain/bin/../lib/gcc/arm-none-eabi/14.2.1/thumb/v7e-m+fp/hard\libc.a(libc_a-rand.o)
 .data          0x00000000        0x0 C:/PlaydateDependencies/arm_toolchain/bin/../lib/gcc/arm-none-eabi/14.2.1/thumb/v7e-m+fp/hard\libc.a(libc_a-rand.o)
 .bss           0x00000000        0x0 C:/PlaydateDependencies/arm_toolchain/bin/../lib/gcc/arm-none-eabi/14.2.1/thumb/v7e-m+fp/hard\libc.a(libc_a-rand.o)
 .text.srand    0x00000000       0x10 C:/PlaydateDependencies/arm_toolchain/bin/../lib/gcc/arm-none-eabi/14.2.1/thumb/v7e-m+fp/hard\libc.a(libc_a-rand.o)
 .text          0x00000000        0x0 C:/PlaydateDependencies/arm_toolchain/bin/../lib/gcc/arm-none-eabi/14.2.1/thumb/v7e-m+fp/hard\libc.a(libc_a-memset.o)
 .data          0x00000000        0x0 C:/PlaydateDependencies/arm_toolchain/bin/../lib/gcc/arm-none-eabi/14.2.1/thumb/v7e-m+fp/hard\libc.a(libc_a-memset.o)
 .bss           0x00000000        0x0 C:/PlaydateDependencies/arm_toolchain/bin/../lib/gcc/arm-none-eabi/14.2.1/thumb/v7e-m+fp/hard\libc.a(libc_a-memset.o)
 .text          0x00000000        0x0 C:/PlaydateDependencies/arm_toolchain/bin/../lib/gcc/arm-none-eabi/14.2.1/thumb/v7e-m+fp/hard\libc.a(libc_a-impure.o)
 .data          0x00000000        0x0 C:/PlaydateDependencies/arm_toolchain/bin/../lib/gcc/arm-none-eabi/14.2.1/thumb/v7e-m+fp/hard\libc.a(libc_a-impure.o)
 .bss           0x00000000        0x0 C:/PlaydateDependencies/arm_toolchain/bin/../lib/gcc/arm-none-eabi/14.2.1/thumb/v7e-m+fp/hard\libc.a(libc_a-impure.o)
 .text          0x00000000        0x0 C:/PlaydateDependencies/arm_toolchain/bin/../lib/gcc/arm-none-eabi/14.2.1/thumb/v7e-m+fp/hard\libc.a(libc_a-findfp.o)
 .data          0x00000000        0x0 C:/PlaydateDependencies/arm_toolchain/bin/../lib/gcc/arm-none-eabi/14.2.1/thumb/v7e-m+fp/hard\libc.a(libc_a-findfp.o)
 .bss           0x00000000        0x0 C:/PlaydateDependencies/arm_toolchain/bin/../lib/gcc/arm-none-eabi/14.2.1/thumb/v7e-m+fp/hard\libc.a(libc_a-findfp.o)
 .text.stdio_exit_handler
                0x00000000       0x18 C:/PlaydateDependencies/arm_toolchain/bin/../lib/gcc/arm-none-eabi/14.2.1/thumb/v7e-m+fp/hard\libc.a(libc_a-findfp.o)
 .text.cleanup_stdio
                0x00000000       0x40 C:/PlaydateDependencies/arm_toolchain/bin/../lib/gcc/arm-none-eabi/14.2.1/thumb/v7e-m+fp/hard\libc.a(libc_a-findfp.o)
 .text.__fp_lock
                0x00000000       0x1c C:/PlaydateDependencies/arm_toolchain/bin/../lib/gcc/arm-none-eabi/14.2.1/thumb/v7e-m+fp/hard\libc.a(libc_a-findfp.o)
 .text.__fp_unlock
                0x00000000       0x1c C:/PlaydateDependencies/arm_toolchain/bin/../lib/gcc/arm-none-eabi/14.2.1/thumb/v7e-m+fp/hard\libc.a(libc_a-findfp.o)
 .text.global_stdio_init.part.0
                0x00000000       0xf0 C:/PlaydateDependencies/arm_toolchain/bin/../lib/gcc/arm-none-eabi/14.2.1/thumb/v7e-m+fp/hard\libc.a(libc_a-findfp.o)
 .text.__sfp    0x00000000       0xc0 C:/PlaydateDependencies/arm_toolchain/bin/../lib/gcc/arm-none-eabi/14.2.1/thumb/v7e-m+fp/hard\libc.a(libc_a-findfp.o)
 .text.__sinit  0x00000000       0x3c C:/PlaydateDependencies/arm_toolchain/bin/../lib/gcc/arm-none-eabi/14.2.1/thumb/v7e-m+fp/hard\libc.a(libc_a-findfp.o)
 .text.__sfp_lock_acquire
                0x00000000        0xc C:/PlaydateDependencies/arm_toolchain/bin/../lib/gcc/arm-none-eabi/14.2.1/thumb/v7e-m+fp/hard\libc.a(libc_a-findfp.o)
 .text.__sfp_lock_release
                0x00000000        0xc C:/PlaydateDependencies/arm_toolchain/bin/../lib/gcc/arm-none-eabi/14.2.1/thumb/v7e-m+fp/hard\libc.a(libc_a-findfp.o)
 .text.__fp_lock_all
                0x00000000       0x24 C:/PlaydateDependencies/arm_toolchain/bin/../lib/gcc/arm-none-eabi/14.2.1/thumb/v7e-m+fp/hard\libc.a(libc_a-findfp.o)
 .text.__fp_unlock_all
                0x00000000       0x24 C:/PlaydateDependencies/arm_toolchain/bin/../lib/gcc/arm-none-eabi/14.2.1/thumb/v7e-m+fp/hard\libc.a(libc_a-findfp.o)
 .data.__sglue  0x00000000        0xc C:/PlaydateDependencies/arm_toolchain/bin/../lib/gcc/arm-none-eabi/14.2.1/thumb/v7e-m+fp/hard\libc.a(libc_a-findfp.o)
 .bss.__stdio_exit_handler
                0x00000000        0x4 C:/PlaydateDependencies/arm_toolchain/bin/../lib/gcc/arm-none-eabi/14.2.1/thumb/v7e-m+fp/hard\libc.a(libc_a-findfp.o)
 .text          0x00000000        0x0 C:/PlaydateDependencies/arm_toolchain/bin/../lib/gcc/arm-none-eabi/14.2.1/thumb/v7e-m+fp/hard\libc.a(libc_a-fwalk.o)
 .data          0x00000000        0x0 C:/PlaydateDependencies/arm_toolchain/bin/../lib/gcc/arm-none-eabi/14.2.1/thumb/v7e-m+fp/hard\libc.a(libc_a-fwalk.o)
 .bss           0x00000000        0x0 C:/PlaydateDependencies/arm_toolchain/bin/../lib/gcc/arm-none-eabi/14.2.1/thumb/v7e-m+fp/hard\libc.a(libc_a-fwalk.o)
 .text._fwalk_sglue
                0x00000000       0x44 C:/PlaydateDependencies/arm_toolchain/bin/../lib/gcc/arm-none-eabi/14.2.1/thumb/v7e-m+fp/hard\libc.a(libc_a-fwalk.o)
 .debug_frame   0x00000000       0x34 C:/PlaydateDependencies/arm_toolchain/bin/../lib/gcc/arm-none-eabi/14.2.1/thumb/v7e-m+fp/hard\libc.a(libc_a-fwalk.o)
 .ARM.attributes
                0x00000000       0x34 C:/PlaydateDependencies/arm_toolchain/bin/../lib/gcc/arm-none-eabi/14.2.1/thumb/v7e-m+fp/hard\libc.a(libc_a-fwalk.o)
 .text          0x00000000        0x0 C:/PlaydateDependencies/arm_toolchain/bin/../lib/gcc/arm-none-eabi/14.2.1/thumb/v7e-m+fp/hard\libc.a(libc_a-stdio.o)
 .data          0x00000000        0x0 C:/PlaydateDependencies/arm_toolchain/bin/../lib/gcc/arm-none-eabi/14.2.1/thumb/v7e-m+fp/hard\libc.a(libc_a-stdio.o)
 .bss           0x00000000        0x0 C:/PlaydateDependencies/arm_toolchain/bin/../lib/gcc/arm-none-eabi/14.2.1/thumb/v7e-m+fp/hard\libc.a(libc_a-stdio.o)
 .text.__sread  0x00000000       0x24 C:/PlaydateDependencies/arm_toolchain/bin/../lib/gcc/arm-none-eabi/14.2.1/thumb/v7e-m+fp/hard\libc.a(libc_a-stdio.o)
 .text.__seofread
                0x00000000        0x4 C:/PlaydateDependencies/arm_toolchain/bin/../lib/gcc/arm-none-eabi/14.2.1/thumb/v7e-m+fp/hard\libc.a(libc_a-stdio.o)
 .text.__swrite
                0x00000000       0x40 C:/PlaydateDependencies/arm_toolchain/bin/../lib/gcc/arm-none-eabi/14.2.1/thumb/v7e-m+fp/hard\libc.a(libc_a-stdio.o)
 .text.__sseek  0x00000000       0x24 C:/PlaydateDependencies/arm_toolchain/bin/../lib/gcc/arm-none-eabi/14.2.1/thumb/v7e-m+fp/hard\libc.a(libc_a-stdio.o)
 .text.__sclose
                0x00000000        0x8 C:/PlaydateDependencies/arm_toolchain/bin/../lib/gcc/arm-none-eabi/14.2.1/thumb/v7e-m+fp/hard\libc.a(libc_a-stdio.o)
 .debug_frame   0x00000000       0x8c C:/PlaydateDependencies/arm_toolchain/bin/../lib/gcc/arm-none-eabi/14.2.1/thumb/v7e-m+fp/hard\libc.a(libc_a-stdio.o)
 .ARM.attributes
                0x00000000       0x34 C:/PlaydateDependencies/arm_toolchain/bin/../lib/gcc/arm-none-eabi/14.2.1/thumb/v7e-m+fp/hard\libc.a(libc_a-stdio.o)
 .text          0x00000000        0x0 C:/PlaydateDependencies/arm_toolchain/bin/../lib/gcc/arm-none-eabi/14.2.1/thumb/v7e-m+fp/hard\libc.a(libc_a-closer.o)
 .data          0x00000000        0x0 C:/PlaydateDependencies/arm_toolchain/bin/../lib/gcc/arm-none-eabi/14.2.1/thumb/v7e-m+fp/hard\libc.a(libc_a-closer.o)
 .bss           0x00000000        0x0 C:/PlaydateDependencies/arm_toolchain/bin/../lib/gcc/arm-none-eabi/14.2.1/thumb/v7e-m+fp/hard\libc.a(libc_a-closer.o)
 .text._close_r
                0x00000000       0x24 C:/PlaydateDependencies/arm_toolchain/bin/../lib/gcc/arm-none-eabi/14.2.1/thumb/v7e-m+fp/hard\libc.a(libc_a-closer.o)
 .debug_frame   0x00000000       0x2c C:/PlaydateDependencies/arm_toolchain/bin/../lib/gcc/arm-none-eabi/14.2.1/thumb/v7e-m+fp/hard\libc.a(libc_a-closer.o)
 .ARM.attributes
                0x00000000       0x34 C:/PlaydateDependencies/arm_toolchain/bin/../lib/gcc/arm-none-eabi/14.2.1/thumb/v7e-m+fp/hard\libc.a(libc_a-closer.o)
 .text          0x00000000        0x0 C:/PlaydateDependencies/arm_toolchain/bin/../lib/gcc/arm-none-eabi/14.2.1/thumb/v7e-m+fp/hard\libc.a(libc_a-reent.o)
 .data          0x00000000        0x0 C:/PlaydateDependencies/arm_toolchain/bin/../lib/gcc/arm-none-eabi/14.2.1/thumb/v7e-m+fp/hard\libc.a(libc_a-reent.o)
 .bss           0x00000000        0x0 C:/PlaydateDependencies/arm_toolchain/bin/../lib/gcc/arm-none-eabi/14.2.1/thumb/v7e-m+fp/hard\libc.a(libc_a-reent.o)
 .text._reclaim_reent
                0x00000000       0x6c C:/PlaydateDependencies/arm_toolchain/bin/../lib/gcc/arm-none-eabi/14.2.1/thumb/v7e-m+fp/hard\libc.a(libc_a-reent.o)
 .bss.errno     0x00000000        0x4 C:/PlaydateDependencies/arm_toolchain/bin/../lib/gcc/arm-none-eabi/14.2.1/thumb/v7e-m+fp/hard\libc.a(libc_a-reent.o)
 .debug_frame   0x00000000       0x3c C:/PlaydateDependencies/arm_toolchain/bin/../lib/gcc/arm-none-eabi/14.2.1/thumb/v7e-m+fp/hard\libc.a(libc_a-reent.o)
 .ARM.attributes
                0x00000000       0x34 C:/PlaydateDependencies/arm_toolchain/bin/../lib/gcc/arm-none-eabi/14.2.1/thumb/v7e-m+fp/hard\libc.a(libc_a-reent.o)
 .text          0x00000000        0x0 C:/PlaydateDependencies/arm_toolchain/bin/../lib/gcc/arm-none-eabi/14.2.1/thumb/v7e-m+fp/hard\libc.a(libc_a-lseekr.o)
 .data          0x00000000        0x0 C:/PlaydateDependencies/arm_toolchain/bin/../lib/gcc/arm-none-eabi/14.2.1/thumb/v7e-m+fp/hard\libc.a(libc_a-lseekr.o)
 .bss           0x00000000        0x0 C:/PlaydateDependencies/arm_toolchain/bin/../lib/gcc/arm-none-eabi/14.2.1/thumb/v7e-m+fp/hard\libc.a(libc_a-lseekr.o)
 .text._lseek_r
                0x00000000       0x2c C:/PlaydateDependencies/arm_toolchain/bin/../lib/gcc/arm-none-eabi/14.2.1/thumb/v7e-m+fp/hard\libc.a(libc_a-lseekr.o)
 .debug_frame   0x00000000       0x2c C:/PlaydateDependencies/arm_toolchain/bin/../lib/gcc/arm-none-eabi/14.2.1/thumb/v7e-m+fp/hard\libc.a(libc_a-lseekr.o)
 .ARM.attributes
                0x00000000       0x34 C:/PlaydateDependencies/arm_toolchain/bin/../lib/gcc/arm-none-eabi/14.2.1/thumb/v7e-m+fp/hard\libc.a(libc_a-lseekr.o)
 .text          0x00000000        0x0 C:/PlaydateDependencies/arm_toolchain/bin/../lib/gcc/arm-none-eabi/14.2.1/thumb/v7e-m+fp/hard\libc.a(libc_a-readr.o)
 .data          0x00000000        0x0 C:/PlaydateDependencies/arm_toolchain/bin/../lib/gcc/arm-none-eabi/14.2.1/thumb/v7e-m+fp/hard\libc.a(libc_a-readr.o)
 .bss           0x00000000        0x0 C:/PlaydateDependencies/arm_toolchain/bin/../lib/gcc/arm-none-eabi/14.2.1/thumb/v7e-m+fp/hard\libc.a(libc_a-readr.o)
 .text._read_r  0x00000000       0x2c C:/PlaydateDependencies/arm_toolchain/bin/../lib/gcc/arm-none-eabi/14.2.1/thumb/v7e-m+fp/hard\libc.a(libc_a-readr.o)
 .debug_frame   0x00000000       0x2c C:/PlaydateDependencies/arm_toolchain/bin/../lib/gcc/arm-none-eabi/14.2.1/thumb/v7e-m+fp/hard\libc.a(libc_a-readr.o)
 .ARM.attributes
                0x00000000       0x34 C:/PlaydateDependencies/arm_toolchain/bin/../lib/gcc/arm-none-eabi/14.2.1/thumb/v7e-m+fp/hard\libc.a(libc_a-readr.o)
 .text          0x00000000        0x0 C:/PlaydateDependencies/arm_toolchain/bin/../lib/gcc/arm-none-eabi/14.2.1/thumb/v7e-m+fp/hard\libc.a(libc_a-writer.o)
 .data          0x00000000        0x0 C:/PlaydateDependencies/arm_toolchain/bin/../lib/gcc/arm-none-eabi/14.2.1/thumb/v7e-m+fp/hard\libc.a(libc_a-writer.o)
 .bss           0x00000000        0x0 C:/PlaydateDependencies/arm_toolchain/bin/../lib/gcc/arm-none-eabi/14.2.1/thumb/v7e-m+fp/hard\libc.a(libc_a-writer.o)
 .text._write_r
                0x00000000       0x2c C:/PlaydateDependencies/arm_toolchain/bin/../lib/gcc/arm-none-eabi/14.2.1/thumb/v7e-m+fp/hard\libc.a(libc_a-writer.o)
 .debug_frame   0x00000000       0x2c C:/PlaydateDependencies/arm_toolchain/bin/../lib/gcc/arm-none-eabi/14.2.1/thumb/v7e-m+fp/hard\libc.a(libc_a-writer.o)
 .ARM.attributes
                0x00000000       0x34 C:/PlaydateDependencies/arm_toolchain/bin/../lib/gcc/arm-none-eabi/14.2.1/thumb/v7e-m+fp/hard\libc.a(libc_a-writer.o)
 .text          0x00000000        0x0 C:/PlaydateDependencies/arm_toolchain/bin/../lib/gcc/arm-none-eabi/14.2.1/thumb/v7e-m+fp/hard\libc.a(libc_a-lock.o)
 .data          0x00000000        0x0 C:/PlaydateDependencies/arm_toolchain/bin/../lib/gcc/arm-none-eabi/14.2.1/thumb/v7e-m+fp/hard\libc.a(libc_a-lock.o)
 .bss           0x00000000        0x0 C:/PlaydateDependencies/arm_toolchain/bin/../lib/gcc/arm-none-eabi/14.2.1/thumb/v7e-m+fp/hard\libc.a(libc_a-lock.o)
 .text.__retarget_lock_init
                0x00000000        0x4 C:/PlaydateDependencies/arm_toolchain/bin/../lib/gcc/arm-none-eabi/14.2.1/thumb/v7e-m+fp/hard\libc.a(libc_a-lock.o)
 .text.__retarget_lock_init_recursive
                0x00000000        0x4 C:/PlaydateDependencies/arm_toolchain/bin/../lib/gcc/arm-none-eabi/14.2.1/thumb/v7e-m+fp/hard\libc.a(libc_a-lock.o)
 .text.__retarget_lock_close
                0x00000000        0x4 C:/PlaydateDependencies/arm_toolchain/bin/../lib/gcc/arm-none-eabi/14.2.1/thumb/v7e-m+fp/hard\libc.a(libc_a-lock.o)
 .text.__retarget_lock_close_recursive
                0x00000000        0x4 C:/PlaydateDependencies/arm_toolchain/bin/../lib/gcc/arm-none-eabi/14.2.1/thumb/v7e-m+fp/hard\libc.a(libc_a-lock.o)
 .text.__retarget_lock_acquire
                0x00000000        0x4 C:/PlaydateDependencies/arm_toolchain/bin/../lib/gcc/arm-none-eabi/14.2.1/thumb/v7e-m+fp/hard\libc.a(libc_a-lock.o)
 .text.__retarget_lock_acquire_recursive
                0x00000000        0x4 C:/PlaydateDependencies/arm_toolchain/bin/../lib/gcc/arm-none-eabi/14.2.1/thumb/v7e-m+fp/hard\libc.a(libc_a-lock.o)
 .text.__retarget_lock_try_acquire
                0x00000000        0x4 C:/PlaydateDependencies/arm_toolchain/bin/../lib/gcc/arm-none-eabi/14.2.1/thumb/v7e-m+fp/hard\libc.a(libc_a-lock.o)
 .text.__retarget_lock_try_acquire_recursive
                0x00000000        0x4 C:/PlaydateDependencies/arm_toolchain/bin/../lib/gcc/arm-none-eabi/14.2.1/thumb/v7e-m+fp/hard\libc.a(libc_a-lock.o)
 .text.__retarget_lock_release
                0x00000000        0x4 C:/PlaydateDependencies/arm_toolchain/bin/../lib/gcc/arm-none-eabi/14.2.1/thumb/v7e-m+fp/hard\libc.a(libc_a-lock.o)
 .text.__retarget_lock_release_recursive
                0x00000000        0x4 C:/PlaydateDependencies/arm_toolchain/bin/../lib/gcc/arm-none-eabi/14.2.1/thumb/v7e-m+fp/hard\libc.a(libc_a-lock.o)
 .bss.__lock___arc4random_mutex
                0x00000000        0x1 C:/PlaydateDependencies/arm_toolchain/bin/../lib/gcc/arm-none-eabi/14.2.1/thumb/v7e-m+fp/hard\libc.a(libc_a-lock.o)
 .bss.__lock___dd_hash_mutex
                0x00000000        0x1 C:/PlaydateDependencies/arm_toolchain/bin/../lib/gcc/arm-none-eabi/14.2.1/thumb/v7e-m+fp/hard\libc.a(libc_a-lock.o)
 .bss.__lock___tz_mutex
                0x00000000        0x1 C:/PlaydateDependencies/arm_toolchain/bin/../lib/gcc/arm-none-eabi/14.2.1/thumb/v7e-m+fp/hard\libc.a(libc_a-lock.o)
 .bss.__lock___env_recursive_mutex
                0x00000000        0x1 C:/PlaydateDependencies/arm_toolchain/bin/../lib/gcc/arm-none-eabi/14.2.1/thumb/v7e-m+fp/hard\libc.a(libc_a-lock.o)
 .bss.__lock___malloc_recursive_mutex
                0x00000000        0x1 C:/PlaydateDependencies/arm_toolchain/bin/../lib/gcc/arm-none-eabi/14.2.1/thumb/v7e-m+fp/hard\libc.a(libc_a-lock.o)
 .bss.__lock___at_quick_exit_mutex
                0x00000000        0x1 C:/PlaydateDependencies/arm_toolchain/bin/../lib/gcc/arm-none-eabi/14.2.1/thumb/v7e-m+fp/hard\libc.a(libc_a-lock.o)
 .bss.__lock___atexit_recursive_mutex
                0x00000000        0x1 C:/PlaydateDependencies/arm_toolchain/bin/../lib/gcc/arm-none-eabi/14.2.1/thumb/v7e-m+fp/hard\libc.a(libc_a-lock.o)
 .bss.__lock___sfp_recursive_mutex
                0x00000000        0x1 C:/PlaydateDependencies/arm_toolchain/bin/../lib/gcc/arm-none-eabi/14.2.1/thumb/v7e-m+fp/hard\libc.a(libc_a-lock.o)
 .debug_frame   0x00000000       0xb0 C:/PlaydateDependencies/arm_toolchain/bin/../lib/gcc/arm-none-eabi/14.2.1/thumb/v7e-m+fp/hard\libc.a(libc_a-lock.o)
 .ARM.attributes
                0x00000000       0x34 C:/PlaydateDependencies/arm_toolchain/bin/../lib/gcc/arm-none-eabi/14.2.1/thumb/v7e-m+fp/hard\libc.a(libc_a-lock.o)
 .text          0x00000000        0x0 C:/PlaydateDependencies/arm_toolchain/bin/../lib/gcc/arm-none-eabi/14.2.1/thumb/v7e-m+fp/hard\libc.a(libc_a-fclose.o)
 .data          0x00000000        0x0 C:/PlaydateDependencies/arm_toolchain/bin/../lib/gcc/arm-none-eabi/14.2.1/thumb/v7e-m+fp/hard\libc.a(libc_a-fclose.o)
 .bss           0x00000000        0x0 C:/PlaydateDependencies/arm_toolchain/bin/../lib/gcc/arm-none-eabi/14.2.1/thumb/v7e-m+fp/hard\libc.a(libc_a-fclose.o)
 .text._fclose_r
                0x00000000       0xc0 C:/PlaydateDependencies/arm_toolchain/bin/../lib/gcc/arm-none-eabi/14.2.1/thumb/v7e-m+fp/hard\libc.a(libc_a-fclose.o)
 .text.fclose   0x00000000       0x10 C:/PlaydateDependencies/arm_toolchain/bin/../lib/gcc/arm-none-eabi/14.2.1/thumb/v7e-m+fp/hard\libc.a(libc_a-fclose.o)
 .debug_frame   0x00000000       0x3c C:/PlaydateDependencies/arm_toolchain/bin/../lib/gcc/arm-none-eabi/14.2.1/thumb/v7e-m+fp/hard\libc.a(libc_a-fclose.o)
 .ARM.attributes
                0x00000000       0x34 C:/PlaydateDependencies/arm_toolchain/bin/../lib/gcc/arm-none-eabi/14.2.1/thumb/v7e-m+fp/hard\libc.a(libc_a-fclose.o)
 .text          0x00000000        0x0 C:/PlaydateDependencies/arm_toolchain/bin/../lib/gcc/arm-none-eabi/14.2.1/thumb/v7e-m+fp/hard\libc.a(libc_a-fflush.o)
 .data          0x00000000        0x0 C:/PlaydateDependencies/arm_toolchain/bin/../lib/gcc/arm-none-eabi/14.2.1/thumb/v7e-m+fp/hard\libc.a(libc_a-fflush.o)
 .bss           0x00000000        0x0 C:/PlaydateDependencies/arm_toolchain/bin/../lib/gcc/arm-none-eabi/14.2.1/thumb/v7e-m+fp/hard\libc.a(libc_a-fflush.o)
 .text.__sflush_r
                0x00000000      0x134 C:/PlaydateDependencies/arm_toolchain/bin/../lib/gcc/arm-none-eabi/14.2.1/thumb/v7e-m+fp/hard\libc.a(libc_a-fflush.o)
 .text._fflush_r
                0x00000000       0x54 C:/PlaydateDependencies/arm_toolchain/bin/../lib/gcc/arm-none-eabi/14.2.1/thumb/v7e-m+fp/hard\libc.a(libc_a-fflush.o)
 .text.fflush   0x00000000       0x74 C:/PlaydateDependencies/arm_toolchain/bin/../lib/gcc/arm-none-eabi/14.2.1/thumb/v7e-m+fp/hard\libc.a(libc_a-fflush.o)
 .debug_frame   0x00000000       0x70 C:/PlaydateDependencies/arm_toolchain/bin/../lib/gcc/arm-none-eabi/14.2.1/thumb/v7e-m+fp/hard\libc.a(libc_a-fflush.o)
 .ARM.attributes
                0x00000000       0x34 C:/PlaydateDependencies/arm_toolchain/bin/../lib/gcc/arm-none-eabi/14.2.1/thumb/v7e-m+fp/hard\libc.a(libc_a-fflush.o)

Memory Configuration

Name             Origin             Length             Attributes
*default*        0x00000000         0xffffffff

Linker script and memory map

LOAD CMakeFiles\playdate_c_project_DEVICE.dir\src\main.c.obj
LOAD CMakeFiles\playdate_c_project_DEVICE.dir\C_\PlaydateDependencies\playdate_sdk\PlaydateSDK\C_API\buildsupport\setup.c.obj
START GROUP
LOAD C:/PlaydateDependencies/arm_toolchain/bin/../lib/gcc/arm-none-eabi/14.2.1/thumb/v7e-m+fp/hard\libgcc.a
LOAD C:/PlaydateDependencies/arm_toolchain/bin/../lib/gcc/arm-none-eabi/14.2.1/thumb/v7e-m+fp/hard\libc.a
END GROUP
START GROUP
LOAD C:/PlaydateDependencies/arm_toolchain/bin/../lib/gcc/arm-none-eabi/14.2.1/thumb/v7e-m+fp/hard\libgcc.a
LOAD C:/PlaydateDependencies/arm_toolchain/bin/../lib/gcc/arm-none-eabi/14.2.1/thumb/v7e-m+fp/hard\libc.a
LOAD C:/PlaydateDependencies/arm_toolchain/bin/../lib/gcc/arm-none-eabi/14.2.1/thumb/v7e-m+fp/hard\libm.a
END GROUP

.text           0x00000000      0x7ce
 *(.text)
 *(.text.*)
 .text.go_createRenderer
                0x00000000       0xa8 CMakeFiles\playdate_c_project_DEVICE.dir\src\main.c.obj
                0x00000000                go_createRenderer
 *fill*         0x000000a8        0x8 
 .text.go_deactivateRendererAt
                0x000000b0       0x24 CMakeFiles\playdate_c_project_DEVICE.dir\src\main.c.obj
                0x000000b0                go_deactivateRendererAt
 *fill*         0x000000d4        0xc 
 .text.eventHandler
                0x000000e0      0x16c CMakeFiles\playdate_c_project_DEVICE.dir\src\main.c.obj
                0x000000e0                eventHandler
 *fill*         0x0000024c        0x4 
 .text.update   0x00000250      0x37c CMakeFiles\playdate_c_project_DEVICE.dir\src\main.c.obj
 *fill*         0x000005cc        0x4 
 .text.eventHandlerShim
                0x000005d0       0x3c CMakeFiles\playdate_c_project_DEVICE.dir\C_\PlaydateDependencies\playdate_sdk\PlaydateSDK\C_API\buildsupport\setup.c.obj
                0x000005d0                eventHandlerShim
 .text.rand     0x0000060c       0x40 C:/PlaydateDependencies/arm_toolchain/bin/../lib/gcc/arm-none-eabi/14.2.1/thumb/v7e-m+fp/hard\libc.a(libc_a-rand.o)
                0x0000060c                rand
 .text.memset   0x0000064c       0x9c C:/PlaydateDependencies/arm_toolchain/bin/../lib/gcc/arm-none-eabi/14.2.1/thumb/v7e-m+fp/hard\libc.a(libc_a-memset.o)
                0x0000064c                memset
 *(.init)
 *(.fini)
 *crtbegin.o(.ctors)
 *crtbegin?.o(.ctors)
 *(EXCLUDE_FILE(*crtend.o *crtend?.o) .ctors)
 *(SORT_BY_NAME(.ctors.*))
 *(.ctors)
 *crtbegin.o(.dtors)
 *crtbegin?.o(.dtors)
 *(EXCLUDE_FILE(*crtend.o *crtend?.o) .dtors)
 *(SORT_BY_NAME(.dtors.*))
 *(.dtors)
 *(.rodata*)
 .rodata        0x000006e8       0xe6 CMakeFiles\playdate_c_project_DEVICE.dir\src\main.c.obj
 *(.eh_frame*)

.glue_7         0x000007d0        0x0
 .glue_7        0x000007d0        0x0 linker stubs

.glue_7t        0x000007d0        0x0
 .glue_7t       0x000007d0        0x0 linker stubs

.vfp11_veneer   0x000007d0        0x0
 .vfp11_veneer  0x000007d0        0x0 linker stubs

.v4_bx          0x000007d0        0x0
 .v4_bx         0x000007d0        0x0 linker stubs

.iplt           0x000007d0        0x0
 .iplt          0x000007d0        0x0 CMakeFiles\playdate_c_project_DEVICE.dir\src\main.c.obj

.rel.dyn        0x000007d0        0x0
 .rel.iplt      0x000007d0        0x0 CMakeFiles\playdate_c_project_DEVICE.dir\src\main.c.obj

.data           0x000007d0      0x158
                0x000007d0                        __etext = .
                0x000007d0                        __data_start__ = .
 *(vtable)
 *(.data*)
 .data.fontpath
                0x000007d0        0x4 CMakeFiles\playdate_c_project_DEVICE.dir\src\main.c.obj
                0x000007d0                fontpath
 .data.x        0x000007d4        0x4 CMakeFiles\playdate_c_project_DEVICE.dir\src\main.c.obj
                0x000007d4                x
 .data.y        0x000007d8        0x4 CMakeFiles\playdate_c_project_DEVICE.dir\src\main.c.obj
                0x000007d8                y
 .data.dx       0x000007dc        0x4 CMakeFiles\playdate_c_project_DEVICE.dir\src\main.c.obj
                0x000007dc                dx
 .data.dy       0x000007e0        0x4 CMakeFiles\playdate_c_project_DEVICE.dir\src\main.c.obj
                0x000007e0                dy
 .data._impure_ptr
                0x000007e4        0x4 C:/PlaydateDependencies/arm_toolchain/bin/../lib/gcc/arm-none-eabi/14.2.1/thumb/v7e-m+fp/hard\libc.a(libc_a-impure.o)
                0x000007e4                _impure_ptr
 .data._impure_data
                0x000007e8      0x140 C:/PlaydateDependencies/arm_toolchain/bin/../lib/gcc/arm-none-eabi/14.2.1/thumb/v7e-m+fp/hard\libc.a(libc_a-impure.o)
                0x000007e8                _impure_data
                0x00000928                        . = ALIGN (0x4)
                [!provide]                        PROVIDE (__preinit_array_start = .)
 *(.preinit_array)
                [!provide]                        PROVIDE (__preinit_array_end = .)
                0x00000928                        . = ALIGN (0x4)
                [!provide]                        PROVIDE (__init_array_start = .)
 *(SORT_BY_NAME(.init_array.*))
 *(.init_array)
                [!provide]                        PROVIDE (__init_array_end = .)
                0x00000928                        . = ALIGN (0x4)
                [!provide]                        PROVIDE (__fini_array_start = .)
 *(SORT_BY_NAME(.fini_array.*))
 *(.fini_array)
                [!provide]                        PROVIDE (__fini_array_end = .)
                0x00000928                        . = ALIGN (0x4)
                0x00000928                        __data_end__ = .

.igot.plt       0x00000928        0x0
 .igot.plt      0x00000928        0x0 CMakeFiles\playdate_c_project_DEVICE.dir\src\main.c.obj

.bss            0x00000928      0x488
                0x00000928                        . = ALIGN (0x4)
                0x00000928                        __bss_start__ = .
 *(.bss*)
 .bss.font      0x00000928        0x4 CMakeFiles\playdate_c_project_DEVICE.dir\src\main.c.obj
                0x00000928                font
 .bss.rendererWorld
                0x0000092c      0x168 CMakeFiles\playdate_c_project_DEVICE.dir\src\main.c.obj
                0x0000092c                rendererWorld
 .bss.gameObjectWorld
                0x00000a94      0x1e0 CMakeFiles\playdate_c_project_DEVICE.dir\src\main.c.obj
                0x00000a94                gameObjectWorld
 .bss.pdrealloc
                0x00000c74        0x4 CMakeFiles\playdate_c_project_DEVICE.dir\C_\PlaydateDependencies\playdate_sdk\PlaydateSDK\C_API\buildsupport\setup.c.obj
 .bss.__sf      0x00000c78      0x138 C:/PlaydateDependencies/arm_toolchain/bin/../lib/gcc/arm-none-eabi/14.2.1/thumb/v7e-m+fp/hard\libc.a(libc_a-findfp.o)
                0x00000c78                __sf
 *(COMMON)
 *(COM)
                0x00000db0                        . = ALIGN (0x4)
                0x00000db0                        __bss_end__ = .

/DISCARD/
 *(.ARM.exidx)
OUTPUT(playdate_c_project_DEVICE.elf elf32-littlearm)
LOAD linker stubs

.debug_info     0x00000000     0xc56a
 .debug_info    0x00000000     0x6099 CMakeFiles\playdate_c_project_DEVICE.dir\src\main.c.obj
 .debug_info    0x00006099     0x64d1 CMakeFiles\playdate_c_project_DEVICE.dir\C_\PlaydateDependencies\playdate_sdk\PlaydateSDK\C_API\buildsupport\setup.c.obj

.debug_abbrev   0x00000000      0x5ed
 .debug_abbrev  0x00000000      0x318 CMakeFiles\playdate_c_project_DEVICE.dir\src\main.c.obj
 .debug_abbrev  0x00000318      0x2d5 CMakeFiles\playdate_c_project_DEVICE.dir\C_\PlaydateDependencies\playdate_sdk\PlaydateSDK\C_API\buildsupport\setup.c.obj

.debug_loc      0x00000000      0x1ef
 .debug_loc     0x00000000      0x10f CMakeFiles\playdate_c_project_DEVICE.dir\src\main.c.obj
 .debug_loc     0x0000010f       0xe0 CMakeFiles\playdate_c_project_DEVICE.dir\C_\PlaydateDependencies\playdate_sdk\PlaydateSDK\C_API\buildsupport\setup.c.obj

.debug_aranges  0x00000000       0x78
 .debug_aranges
                0x00000000       0x40 CMakeFiles\playdate_c_project_DEVICE.dir\src\main.c.obj
 .debug_aranges
                0x00000040       0x38 CMakeFiles\playdate_c_project_DEVICE.dir\C_\PlaydateDependencies\playdate_sdk\PlaydateSDK\C_API\buildsupport\setup.c.obj

.debug_ranges   0x00000000       0x58
 .debug_ranges  0x00000000       0x30 CMakeFiles\playdate_c_project_DEVICE.dir\src\main.c.obj
 .debug_ranges  0x00000030       0x28 CMakeFiles\playdate_c_project_DEVICE.dir\C_\PlaydateDependencies\playdate_sdk\PlaydateSDK\C_API\buildsupport\setup.c.obj

.debug_line     0x00000000      0x8de
 .debug_line    0x00000000      0x560 CMakeFiles\playdate_c_project_DEVICE.dir\src\main.c.obj
 .debug_line    0x00000560      0x37e CMakeFiles\playdate_c_project_DEVICE.dir\C_\PlaydateDependencies\playdate_sdk\PlaydateSDK\C_API\buildsupport\setup.c.obj

.debug_str      0x00000000     0x2eac
 .debug_str     0x00000000     0x2eac CMakeFiles\playdate_c_project_DEVICE.dir\src\main.c.obj
                               0x2d2b (size before relaxing)
 .debug_str     0x00002eac     0x2f76 CMakeFiles\playdate_c_project_DEVICE.dir\C_\PlaydateDependencies\playdate_sdk\PlaydateSDK\C_API\buildsupport\setup.c.obj

.comment        0x00000000       0x45
 .comment       0x00000000       0x45 CMakeFiles\playdate_c_project_DEVICE.dir\src\main.c.obj
                                 0x46 (size before relaxing)
 .comment       0x00000045       0x46 CMakeFiles\playdate_c_project_DEVICE.dir\C_\PlaydateDependencies\playdate_sdk\PlaydateSDK\C_API\buildsupport\setup.c.obj

.ARM.attributes
                0x00000000       0x34
 .ARM.attributes
                0x00000000       0x34 CMakeFiles\playdate_c_project_DEVICE.dir\src\main.c.obj
 .ARM.attributes
                0x00000034       0x34 CMakeFiles\playdate_c_project_DEVICE.dir\C_\PlaydateDependencies\playdate_sdk\PlaydateSDK\C_API\buildsupport\setup.c.obj
 .ARM.attributes
                0x00000068       0x34 C:/PlaydateDependencies/arm_toolchain/bin/../lib/gcc/arm-none-eabi/14.2.1/thumb/v7e-m+fp/hard\libc.a(libc_a-rand.o)
 .ARM.attributes
                0x0000009c       0x34 C:/PlaydateDependencies/arm_toolchain/bin/../lib/gcc/arm-none-eabi/14.2.1/thumb/v7e-m+fp/hard\libc.a(libc_a-memset.o)
 .ARM.attributes
                0x000000d0       0x34 C:/PlaydateDependencies/arm_toolchain/bin/../lib/gcc/arm-none-eabi/14.2.1/thumb/v7e-m+fp/hard\libc.a(libc_a-impure.o)
 .ARM.attributes
                0x00000104       0x34 C:/PlaydateDependencies/arm_toolchain/bin/../lib/gcc/arm-none-eabi/14.2.1/thumb/v7e-m+fp/hard\libc.a(libc_a-findfp.o)

.debug_frame    0x00000000      0x2d4
 .debug_frame   0x00000000       0xb0 CMakeFiles\playdate_c_project_DEVICE.dir\src\main.c.obj
 .debug_frame   0x000000b0       0x80 CMakeFiles\playdate_c_project_DEVICE.dir\C_\PlaydateDependencies\playdate_sdk\PlaydateSDK\C_API\buildsupport\setup.c.obj
 .debug_frame   0x00000130       0x3c C:/PlaydateDependencies/arm_toolchain/bin/../lib/gcc/arm-none-eabi/14.2.1/thumb/v7e-m+fp/hard\libc.a(libc_a-rand.o)
 .debug_frame   0x0000016c       0x2c C:/PlaydateDependencies/arm_toolchain/bin/../lib/gcc/arm-none-eabi/14.2.1/thumb/v7e-m+fp/hard\libc.a(libc_a-memset.o)
 .debug_frame   0x00000198      0x13c C:/PlaydateDependencies/arm_toolchain/bin/../lib/gcc/arm-none-eabi/14.2.1/thumb/v7e-m+fp/hard\libc.a(libc_a-findfp.o)

Cross Reference Table

Symbol                                            File
__fp_lock_all                                     C:/PlaydateDependencies/arm_toolchain/bin/../lib/gcc/arm-none-eabi/14.2.1/thumb/v7e-m+fp/hard\libc.a(libc_a-findfp.o)
__fp_unlock_all                                   C:/PlaydateDependencies/arm_toolchain/bin/../lib/gcc/arm-none-eabi/14.2.1/thumb/v7e-m+fp/hard\libc.a(libc_a-findfp.o)
__lock___arc4random_mutex                         C:/PlaydateDependencies/arm_toolchain/bin/../lib/gcc/arm-none-eabi/14.2.1/thumb/v7e-m+fp/hard\libc.a(libc_a-lock.o)
__lock___at_quick_exit_mutex                      C:/PlaydateDependencies/arm_toolchain/bin/../lib/gcc/arm-none-eabi/14.2.1/thumb/v7e-m+fp/hard\libc.a(libc_a-lock.o)
__lock___atexit_recursive_mutex                   C:/PlaydateDependencies/arm_toolchain/bin/../lib/gcc/arm-none-eabi/14.2.1/thumb/v7e-m+fp/hard\libc.a(libc_a-lock.o)
__lock___dd_hash_mutex                            C:/PlaydateDependencies/arm_toolchain/bin/../lib/gcc/arm-none-eabi/14.2.1/thumb/v7e-m+fp/hard\libc.a(libc_a-lock.o)
__lock___env_recursive_mutex                      C:/PlaydateDependencies/arm_toolchain/bin/../lib/gcc/arm-none-eabi/14.2.1/thumb/v7e-m+fp/hard\libc.a(libc_a-lock.o)
__lock___malloc_recursive_mutex                   C:/PlaydateDependencies/arm_toolchain/bin/../lib/gcc/arm-none-eabi/14.2.1/thumb/v7e-m+fp/hard\libc.a(libc_a-lock.o)
__lock___sfp_recursive_mutex                      C:/PlaydateDependencies/arm_toolchain/bin/../lib/gcc/arm-none-eabi/14.2.1/thumb/v7e-m+fp/hard\libc.a(libc_a-lock.o)
                                                  C:/PlaydateDependencies/arm_toolchain/bin/../lib/gcc/arm-none-eabi/14.2.1/thumb/v7e-m+fp/hard\libc.a(libc_a-findfp.o)
__lock___tz_mutex                                 C:/PlaydateDependencies/arm_toolchain/bin/../lib/gcc/arm-none-eabi/14.2.1/thumb/v7e-m+fp/hard\libc.a(libc_a-lock.o)
__retarget_lock_acquire                           C:/PlaydateDependencies/arm_toolchain/bin/../lib/gcc/arm-none-eabi/14.2.1/thumb/v7e-m+fp/hard\libc.a(libc_a-lock.o)
__retarget_lock_acquire_recursive                 C:/PlaydateDependencies/arm_toolchain/bin/../lib/gcc/arm-none-eabi/14.2.1/thumb/v7e-m+fp/hard\libc.a(libc_a-lock.o)
                                                  C:/PlaydateDependencies/arm_toolchain/bin/../lib/gcc/arm-none-eabi/14.2.1/thumb/v7e-m+fp/hard\libc.a(libc_a-fflush.o)
                                                  C:/PlaydateDependencies/arm_toolchain/bin/../lib/gcc/arm-none-eabi/14.2.1/thumb/v7e-m+fp/hard\libc.a(libc_a-fclose.o)
                                                  C:/PlaydateDependencies/arm_toolchain/bin/../lib/gcc/arm-none-eabi/14.2.1/thumb/v7e-m+fp/hard\libc.a(libc_a-findfp.o)
__retarget_lock_close                             C:/PlaydateDependencies/arm_toolchain/bin/../lib/gcc/arm-none-eabi/14.2.1/thumb/v7e-m+fp/hard\libc.a(libc_a-lock.o)
__retarget_lock_close_recursive                   C:/PlaydateDependencies/arm_toolchain/bin/../lib/gcc/arm-none-eabi/14.2.1/thumb/v7e-m+fp/hard\libc.a(libc_a-lock.o)
                                                  C:/PlaydateDependencies/arm_toolchain/bin/../lib/gcc/arm-none-eabi/14.2.1/thumb/v7e-m+fp/hard\libc.a(libc_a-fclose.o)
__retarget_lock_init                              C:/PlaydateDependencies/arm_toolchain/bin/../lib/gcc/arm-none-eabi/14.2.1/thumb/v7e-m+fp/hard\libc.a(libc_a-lock.o)
__retarget_lock_init_recursive                    C:/PlaydateDependencies/arm_toolchain/bin/../lib/gcc/arm-none-eabi/14.2.1/thumb/v7e-m+fp/hard\libc.a(libc_a-lock.o)
                                                  C:/PlaydateDependencies/arm_toolchain/bin/../lib/gcc/arm-none-eabi/14.2.1/thumb/v7e-m+fp/hard\libc.a(libc_a-findfp.o)
__retarget_lock_release                           C:/PlaydateDependencies/arm_toolchain/bin/../lib/gcc/arm-none-eabi/14.2.1/thumb/v7e-m+fp/hard\libc.a(libc_a-lock.o)
__retarget_lock_release_recursive                 C:/PlaydateDependencies/arm_toolchain/bin/../lib/gcc/arm-none-eabi/14.2.1/thumb/v7e-m+fp/hard\libc.a(libc_a-lock.o)
                                                  C:/PlaydateDependencies/arm_toolchain/bin/../lib/gcc/arm-none-eabi/14.2.1/thumb/v7e-m+fp/hard\libc.a(libc_a-fflush.o)
                                                  C:/PlaydateDependencies/arm_toolchain/bin/../lib/gcc/arm-none-eabi/14.2.1/thumb/v7e-m+fp/hard\libc.a(libc_a-fclose.o)
                                                  C:/PlaydateDependencies/arm_toolchain/bin/../lib/gcc/arm-none-eabi/14.2.1/thumb/v7e-m+fp/hard\libc.a(libc_a-findfp.o)
__retarget_lock_try_acquire                       C:/PlaydateDependencies/arm_toolchain/bin/../lib/gcc/arm-none-eabi/14.2.1/thumb/v7e-m+fp/hard\libc.a(libc_a-lock.o)
__retarget_lock_try_acquire_recursive             C:/PlaydateDependencies/arm_toolchain/bin/../lib/gcc/arm-none-eabi/14.2.1/thumb/v7e-m+fp/hard\libc.a(libc_a-lock.o)
__sclose                                          C:/PlaydateDependencies/arm_toolchain/bin/../lib/gcc/arm-none-eabi/14.2.1/thumb/v7e-m+fp/hard\libc.a(libc_a-stdio.o)
                                                  C:/PlaydateDependencies/arm_toolchain/bin/../lib/gcc/arm-none-eabi/14.2.1/thumb/v7e-m+fp/hard\libc.a(libc_a-findfp.o)
__seofread                                        C:/PlaydateDependencies/arm_toolchain/bin/../lib/gcc/arm-none-eabi/14.2.1/thumb/v7e-m+fp/hard\libc.a(libc_a-stdio.o)
__sf                                              C:/PlaydateDependencies/arm_toolchain/bin/../lib/gcc/arm-none-eabi/14.2.1/thumb/v7e-m+fp/hard\libc.a(libc_a-findfp.o)
                                                  C:/PlaydateDependencies/arm_toolchain/bin/../lib/gcc/arm-none-eabi/14.2.1/thumb/v7e-m+fp/hard\libc.a(libc_a-impure.o)
__sflush_r                                        C:/PlaydateDependencies/arm_toolchain/bin/../lib/gcc/arm-none-eabi/14.2.1/thumb/v7e-m+fp/hard\libc.a(libc_a-fflush.o)
                                                  C:/PlaydateDependencies/arm_toolchain/bin/../lib/gcc/arm-none-eabi/14.2.1/thumb/v7e-m+fp/hard\libc.a(libc_a-fclose.o)
__sfp                                             C:/PlaydateDependencies/arm_toolchain/bin/../lib/gcc/arm-none-eabi/14.2.1/thumb/v7e-m+fp/hard\libc.a(libc_a-findfp.o)
__sfp_lock_acquire                                C:/PlaydateDependencies/arm_toolchain/bin/../lib/gcc/arm-none-eabi/14.2.1/thumb/v7e-m+fp/hard\libc.a(libc_a-findfp.o)
                                                  C:/PlaydateDependencies/arm_toolchain/bin/../lib/gcc/arm-none-eabi/14.2.1/thumb/v7e-m+fp/hard\libc.a(libc_a-fclose.o)
__sfp_lock_release                                C:/PlaydateDependencies/arm_toolchain/bin/../lib/gcc/arm-none-eabi/14.2.1/thumb/v7e-m+fp/hard\libc.a(libc_a-findfp.o)
                                                  C:/PlaydateDependencies/arm_toolchain/bin/../lib/gcc/arm-none-eabi/14.2.1/thumb/v7e-m+fp/hard\libc.a(libc_a-fclose.o)
__sglue                                           C:/PlaydateDependencies/arm_toolchain/bin/../lib/gcc/arm-none-eabi/14.2.1/thumb/v7e-m+fp/hard\libc.a(libc_a-findfp.o)
                                                  C:/PlaydateDependencies/arm_toolchain/bin/../lib/gcc/arm-none-eabi/14.2.1/thumb/v7e-m+fp/hard\libc.a(libc_a-fflush.o)
__sinit                                           C:/PlaydateDependencies/arm_toolchain/bin/../lib/gcc/arm-none-eabi/14.2.1/thumb/v7e-m+fp/hard\libc.a(libc_a-findfp.o)
                                                  C:/PlaydateDependencies/arm_toolchain/bin/../lib/gcc/arm-none-eabi/14.2.1/thumb/v7e-m+fp/hard\libc.a(libc_a-fflush.o)
                                                  C:/PlaydateDependencies/arm_toolchain/bin/../lib/gcc/arm-none-eabi/14.2.1/thumb/v7e-m+fp/hard\libc.a(libc_a-fclose.o)
__sread                                           C:/PlaydateDependencies/arm_toolchain/bin/../lib/gcc/arm-none-eabi/14.2.1/thumb/v7e-m+fp/hard\libc.a(libc_a-stdio.o)
                                                  C:/PlaydateDependencies/arm_toolchain/bin/../lib/gcc/arm-none-eabi/14.2.1/thumb/v7e-m+fp/hard\libc.a(libc_a-findfp.o)
__sseek                                           C:/PlaydateDependencies/arm_toolchain/bin/../lib/gcc/arm-none-eabi/14.2.1/thumb/v7e-m+fp/hard\libc.a(libc_a-stdio.o)
                                                  C:/PlaydateDependencies/arm_toolchain/bin/../lib/gcc/arm-none-eabi/14.2.1/thumb/v7e-m+fp/hard\libc.a(libc_a-findfp.o)
__stdio_exit_handler                              C:/PlaydateDependencies/arm_toolchain/bin/../lib/gcc/arm-none-eabi/14.2.1/thumb/v7e-m+fp/hard\libc.a(libc_a-findfp.o)
__swrite                                          C:/PlaydateDependencies/arm_toolchain/bin/../lib/gcc/arm-none-eabi/14.2.1/thumb/v7e-m+fp/hard\libc.a(libc_a-stdio.o)
                                                  C:/PlaydateDependencies/arm_toolchain/bin/../lib/gcc/arm-none-eabi/14.2.1/thumb/v7e-m+fp/hard\libc.a(libc_a-findfp.o)
_close                                            C:/PlaydateDependencies/arm_toolchain/bin/../lib/gcc/arm-none-eabi/14.2.1/thumb/v7e-m+fp/hard\libc.a(libc_a-closer.o)
_close_r                                          C:/PlaydateDependencies/arm_toolchain/bin/../lib/gcc/arm-none-eabi/14.2.1/thumb/v7e-m+fp/hard\libc.a(libc_a-closer.o)
                                                  C:/PlaydateDependencies/arm_toolchain/bin/../lib/gcc/arm-none-eabi/14.2.1/thumb/v7e-m+fp/hard\libc.a(libc_a-stdio.o)
_fclose_r                                         C:/PlaydateDependencies/arm_toolchain/bin/../lib/gcc/arm-none-eabi/14.2.1/thumb/v7e-m+fp/hard\libc.a(libc_a-fclose.o)
                                                  C:/PlaydateDependencies/arm_toolchain/bin/../lib/gcc/arm-none-eabi/14.2.1/thumb/v7e-m+fp/hard\libc.a(libc_a-findfp.o)
_fflush_r                                         C:/PlaydateDependencies/arm_toolchain/bin/../lib/gcc/arm-none-eabi/14.2.1/thumb/v7e-m+fp/hard\libc.a(libc_a-fflush.o)
_free_r                                           CMakeFiles\playdate_c_project_DEVICE.dir\C_\PlaydateDependencies\playdate_sdk\PlaydateSDK\C_API\buildsupport\setup.c.obj
                                                  C:/PlaydateDependencies/arm_toolchain/bin/../lib/gcc/arm-none-eabi/14.2.1/thumb/v7e-m+fp/hard\libc.a(libc_a-fflush.o)
                                                  C:/PlaydateDependencies/arm_toolchain/bin/../lib/gcc/arm-none-eabi/14.2.1/thumb/v7e-m+fp/hard\libc.a(libc_a-fclose.o)
                                                  C:/PlaydateDependencies/arm_toolchain/bin/../lib/gcc/arm-none-eabi/14.2.1/thumb/v7e-m+fp/hard\libc.a(libc_a-reent.o)
_fwalk_sglue                                      C:/PlaydateDependencies/arm_toolchain/bin/../lib/gcc/arm-none-eabi/14.2.1/thumb/v7e-m+fp/hard\libc.a(libc_a-fwalk.o)
                                                  C:/PlaydateDependencies/arm_toolchain/bin/../lib/gcc/arm-none-eabi/14.2.1/thumb/v7e-m+fp/hard\libc.a(libc_a-fflush.o)
                                                  C:/PlaydateDependencies/arm_toolchain/bin/../lib/gcc/arm-none-eabi/14.2.1/thumb/v7e-m+fp/hard\libc.a(libc_a-findfp.o)
_impure_data                                      C:/PlaydateDependencies/arm_toolchain/bin/../lib/gcc/arm-none-eabi/14.2.1/thumb/v7e-m+fp/hard\libc.a(libc_a-impure.o)
                                                  C:/PlaydateDependencies/arm_toolchain/bin/../lib/gcc/arm-none-eabi/14.2.1/thumb/v7e-m+fp/hard\libc.a(libc_a-fflush.o)
                                                  C:/PlaydateDependencies/arm_toolchain/bin/../lib/gcc/arm-none-eabi/14.2.1/thumb/v7e-m+fp/hard\libc.a(libc_a-findfp.o)
_impure_ptr                                       C:/PlaydateDependencies/arm_toolchain/bin/../lib/gcc/arm-none-eabi/14.2.1/thumb/v7e-m+fp/hard\libc.a(libc_a-impure.o)
                                                  C:/PlaydateDependencies/arm_toolchain/bin/../lib/gcc/arm-none-eabi/14.2.1/thumb/v7e-m+fp/hard\libc.a(libc_a-fflush.o)
                                                  C:/PlaydateDependencies/arm_toolchain/bin/../lib/gcc/arm-none-eabi/14.2.1/thumb/v7e-m+fp/hard\libc.a(libc_a-fclose.o)
                                                  C:/PlaydateDependencies/arm_toolchain/bin/../lib/gcc/arm-none-eabi/14.2.1/thumb/v7e-m+fp/hard\libc.a(libc_a-reent.o)
                                                  C:/PlaydateDependencies/arm_toolchain/bin/../lib/gcc/arm-none-eabi/14.2.1/thumb/v7e-m+fp/hard\libc.a(libc_a-rand.o)
_lseek                                            C:/PlaydateDependencies/arm_toolchain/bin/../lib/gcc/arm-none-eabi/14.2.1/thumb/v7e-m+fp/hard\libc.a(libc_a-lseekr.o)
_lseek_r                                          C:/PlaydateDependencies/arm_toolchain/bin/../lib/gcc/arm-none-eabi/14.2.1/thumb/v7e-m+fp/hard\libc.a(libc_a-lseekr.o)
                                                  C:/PlaydateDependencies/arm_toolchain/bin/../lib/gcc/arm-none-eabi/14.2.1/thumb/v7e-m+fp/hard\libc.a(libc_a-stdio.o)
_malloc_r                                         CMakeFiles\playdate_c_project_DEVICE.dir\C_\PlaydateDependencies\playdate_sdk\PlaydateSDK\C_API\buildsupport\setup.c.obj
                                                  C:/PlaydateDependencies/arm_toolchain/bin/../lib/gcc/arm-none-eabi/14.2.1/thumb/v7e-m+fp/hard\libc.a(libc_a-findfp.o)
_read                                             C:/PlaydateDependencies/arm_toolchain/bin/../lib/gcc/arm-none-eabi/14.2.1/thumb/v7e-m+fp/hard\libc.a(libc_a-readr.o)
_read_r                                           C:/PlaydateDependencies/arm_toolchain/bin/../lib/gcc/arm-none-eabi/14.2.1/thumb/v7e-m+fp/hard\libc.a(libc_a-readr.o)
                                                  C:/PlaydateDependencies/arm_toolchain/bin/../lib/gcc/arm-none-eabi/14.2.1/thumb/v7e-m+fp/hard\libc.a(libc_a-stdio.o)
_realloc_r                                        CMakeFiles\playdate_c_project_DEVICE.dir\C_\PlaydateDependencies\playdate_sdk\PlaydateSDK\C_API\buildsupport\setup.c.obj
_reclaim_reent                                    C:/PlaydateDependencies/arm_toolchain/bin/../lib/gcc/arm-none-eabi/14.2.1/thumb/v7e-m+fp/hard\libc.a(libc_a-reent.o)
_write                                            C:/PlaydateDependencies/arm_toolchain/bin/../lib/gcc/arm-none-eabi/14.2.1/thumb/v7e-m+fp/hard\libc.a(libc_a-writer.o)
_write_r                                          C:/PlaydateDependencies/arm_toolchain/bin/../lib/gcc/arm-none-eabi/14.2.1/thumb/v7e-m+fp/hard\libc.a(libc_a-writer.o)
                                                  C:/PlaydateDependencies/arm_toolchain/bin/../lib/gcc/arm-none-eabi/14.2.1/thumb/v7e-m+fp/hard\libc.a(libc_a-stdio.o)
bDrawEllipse                                      CMakeFiles\playdate_c_project_DEVICE.dir\src\main.c.obj
dx                                                CMakeFiles\playdate_c_project_DEVICE.dir\src\main.c.obj
dy                                                CMakeFiles\playdate_c_project_DEVICE.dir\src\main.c.obj
errno                                             C:/PlaydateDependencies/arm_toolchain/bin/../lib/gcc/arm-none-eabi/14.2.1/thumb/v7e-m+fp/hard\libc.a(libc_a-reent.o)
                                                  C:/PlaydateDependencies/arm_toolchain/bin/../lib/gcc/arm-none-eabi/14.2.1/thumb/v7e-m+fp/hard\libc.a(libc_a-writer.o)
                                                  C:/PlaydateDependencies/arm_toolchain/bin/../lib/gcc/arm-none-eabi/14.2.1/thumb/v7e-m+fp/hard\libc.a(libc_a-readr.o)
                                                  C:/PlaydateDependencies/arm_toolchain/bin/../lib/gcc/arm-none-eabi/14.2.1/thumb/v7e-m+fp/hard\libc.a(libc_a-lseekr.o)
                                                  C:/PlaydateDependencies/arm_toolchain/bin/../lib/gcc/arm-none-eabi/14.2.1/thumb/v7e-m+fp/hard\libc.a(libc_a-closer.o)
eventHandler                                      CMakeFiles\playdate_c_project_DEVICE.dir\src\main.c.obj
                                                  CMakeFiles\playdate_c_project_DEVICE.dir\C_\PlaydateDependencies\playdate_sdk\PlaydateSDK\C_API\buildsupport\setup.c.obj
eventHandlerShim                                  CMakeFiles\playdate_c_project_DEVICE.dir\C_\PlaydateDependencies\playdate_sdk\PlaydateSDK\C_API\buildsupport\setup.c.obj
fclose                                            C:/PlaydateDependencies/arm_toolchain/bin/../lib/gcc/arm-none-eabi/14.2.1/thumb/v7e-m+fp/hard\libc.a(libc_a-fclose.o)
fflush                                            C:/PlaydateDependencies/arm_toolchain/bin/../lib/gcc/arm-none-eabi/14.2.1/thumb/v7e-m+fp/hard\libc.a(libc_a-fflush.o)
font                                              CMakeFiles\playdate_c_project_DEVICE.dir\src\main.c.obj
fontpath                                          CMakeFiles\playdate_c_project_DEVICE.dir\src\main.c.obj
gameObject                                        CMakeFiles\playdate_c_project_DEVICE.dir\src\main.c.obj
gameObjectWorld                                   CMakeFiles\playdate_c_project_DEVICE.dir\src\main.c.obj
go_createRenderer                                 CMakeFiles\playdate_c_project_DEVICE.dir\src\main.c.obj
go_deactivateRendererAt                           CMakeFiles\playdate_c_project_DEVICE.dir\src\main.c.obj
memset                                            C:/PlaydateDependencies/arm_toolchain/bin/../lib/gcc/arm-none-eabi/14.2.1/thumb/v7e-m+fp/hard\libc.a(libc_a-memset.o)
                                                  C:/PlaydateDependencies/arm_toolchain/bin/../lib/gcc/arm-none-eabi/14.2.1/thumb/v7e-m+fp/hard\libc.a(libc_a-findfp.o)
                                                  CMakeFiles\playdate_c_project_DEVICE.dir\src\main.c.obj
rand                                              C:/PlaydateDependencies/arm_toolchain/bin/../lib/gcc/arm-none-eabi/14.2.1/thumb/v7e-m+fp/hard\libc.a(libc_a-rand.o)
                                                  CMakeFiles\playdate_c_project_DEVICE.dir\src\main.c.obj
rendererWorld                                     CMakeFiles\playdate_c_project_DEVICE.dir\src\main.c.obj
srand                                             C:/PlaydateDependencies/arm_toolchain/bin/../lib/gcc/arm-none-eabi/14.2.1/thumb/v7e-m+fp/hard\libc.a(libc_a-rand.o)
x                                                 CMakeFiles\playdate_c_project_DEVICE.dir\src\main.c.obj
y                                                 CMakeFiles\playdate_c_project_DEVICE.dir\src\main.c.obj
