
Discarded input sections

 .text          0x00000000        0x0 CMakeFiles\playdate_c_project_DEVICE.dir\src\main.c.obj
 .data          0x00000000        0x0 CMakeFiles\playdate_c_project_DEVICE.dir\src\main.c.obj
 .bss           0x00000000        0x0 CMakeFiles\playdate_c_project_DEVICE.dir\src\main.c.obj
 .text          0x00000000        0x0 CMakeFiles\playdate_c_project_DEVICE.dir\C_\PlaydateDependencies\playdate_sdk\PlaydateSDK\C_API\buildsupport\setup.c.obj
 .data          0x00000000        0x0 CMakeFiles\playdate_c_project_DEVICE.dir\C_\PlaydateDependencies\playdate_sdk\PlaydateSDK\C_API\buildsupport\setup.c.obj
 .bss           0x00000000        0x0 CMakeFiles\playdate_c_project_DEVICE.dir\C_\PlaydateDependencies\playdate_sdk\PlaydateSDK\C_API\buildsupport\setup.c.obj
 .text._malloc_r
                0x00000000       0x20 CMakeFiles\playdate_c_project_DEVICE.dir\C_\PlaydateDependencies\playdate_sdk\PlaydateSDK\C_API\buildsupport\setup.c.obj
 .text._realloc_r
                0x00000000       0x24 CMakeFiles\playdate_c_project_DEVICE.dir\C_\PlaydateDependencies\playdate_sdk\PlaydateSDK\C_API\buildsupport\setup.c.obj
 .text._free_r  0x00000000       0x24 CMakeFiles\playdate_c_project_DEVICE.dir\C_\PlaydateDependencies\playdate_sdk\PlaydateSDK\C_API\buildsupport\setup.c.obj

Memory Configuration

Name             Origin             Length             Attributes
*default*        0x00000000         0xffffffff

Linker script and memory map

LOAD CMakeFiles\playdate_c_project_DEVICE.dir\src\main.c.obj
LOAD CMakeFiles\playdate_c_project_DEVICE.dir\C_\PlaydateDependencies\playdate_sdk\PlaydateSDK\C_API\buildsupport\setup.c.obj
START GROUP
LOAD C:/PlaydateDependencies/arm_toolchain/bin/../lib/gcc/arm-none-eabi/14.2.1/thumb/v7e-m+fp/hard\libgcc.a
LOAD C:/PlaydateDependencies/arm_toolchain/bin/../lib/gcc/arm-none-eabi/14.2.1/thumb/v7e-m+fp/hard\libc.a
END GROUP
START GROUP
LOAD C:/PlaydateDependencies/arm_toolchain/bin/../lib/gcc/arm-none-eabi/14.2.1/thumb/v7e-m+fp/hard\libgcc.a
LOAD C:/PlaydateDependencies/arm_toolchain/bin/../lib/gcc/arm-none-eabi/14.2.1/thumb/v7e-m+fp/hard\libc.a
LOAD C:/PlaydateDependencies/arm_toolchain/bin/../lib/gcc/arm-none-eabi/14.2.1/thumb/v7e-m+fp/hard\libm.a
END GROUP

.text           0x00000000      0x247
 *(.text)
 *(.text.*)
 .text.eventHandler
                0x00000000       0x78 CMakeFiles\playdate_c_project_DEVICE.dir\src\main.c.obj
                0x00000000                eventHandler
 *fill*         0x00000078        0x8 
 .text.update   0x00000080       0xbc CMakeFiles\playdate_c_project_DEVICE.dir\src\main.c.obj
 *fill*         0x0000013c        0x4 
 .text.eventHandlerShim
                0x00000140       0x3c CMakeFiles\playdate_c_project_DEVICE.dir\C_\PlaydateDependencies\playdate_sdk\PlaydateSDK\C_API\buildsupport\setup.c.obj
                0x00000140                eventHandlerShim
 *(.init)
 *(.fini)
 *crtbegin.o(.ctors)
 *crtbegin?.o(.ctors)
 *(EXCLUDE_FILE(*crtend.o *crtend?.o) .ctors)
 *(SORT_BY_NAME(.ctors.*))
 *(.ctors)
 *crtbegin.o(.dtors)
 *crtbegin?.o(.dtors)
 *(EXCLUDE_FILE(*crtend.o *crtend?.o) .dtors)
 *(SORT_BY_NAME(.dtors.*))
 *(.dtors)
 *(.rodata*)
 .rodata        0x0000017c       0xcb CMakeFiles\playdate_c_project_DEVICE.dir\src\main.c.obj
 *(.eh_frame*)

.glue_7         0x00000248        0x0
 .glue_7        0x00000248        0x0 linker stubs

.glue_7t        0x00000248        0x0
 .glue_7t       0x00000248        0x0 linker stubs

.vfp11_veneer   0x00000248        0x0
 .vfp11_veneer  0x00000248        0x0 linker stubs

.v4_bx          0x00000248        0x0
 .v4_bx         0x00000248        0x0 linker stubs

.iplt           0x00000248        0x0
 .iplt          0x00000248        0x0 CMakeFiles\playdate_c_project_DEVICE.dir\src\main.c.obj

.rel.dyn        0x00000248        0x0
 .rel.iplt      0x00000248        0x0 CMakeFiles\playdate_c_project_DEVICE.dir\src\main.c.obj

.data           0x00000248       0x14
                0x00000248                        __etext = .
                0x00000248                        __data_start__ = .
 *(vtable)
 *(.data*)
 .data.fontpath
                0x00000248        0x4 CMakeFiles\playdate_c_project_DEVICE.dir\src\main.c.obj
                0x00000248                fontpath
 .data.x        0x0000024c        0x4 CMakeFiles\playdate_c_project_DEVICE.dir\src\main.c.obj
                0x0000024c                x
 .data.y        0x00000250        0x4 CMakeFiles\playdate_c_project_DEVICE.dir\src\main.c.obj
                0x00000250                y
 .data.dx       0x00000254        0x4 CMakeFiles\playdate_c_project_DEVICE.dir\src\main.c.obj
                0x00000254                dx
 .data.dy       0x00000258        0x4 CMakeFiles\playdate_c_project_DEVICE.dir\src\main.c.obj
                0x00000258                dy
                0x0000025c                        . = ALIGN (0x4)
                [!provide]                        PROVIDE (__preinit_array_start = .)
 *(.preinit_array)
                [!provide]                        PROVIDE (__preinit_array_end = .)
                0x0000025c                        . = ALIGN (0x4)
                [!provide]                        PROVIDE (__init_array_start = .)
 *(SORT_BY_NAME(.init_array.*))
 *(.init_array)
                [!provide]                        PROVIDE (__init_array_end = .)
                0x0000025c                        . = ALIGN (0x4)
                [!provide]                        PROVIDE (__fini_array_start = .)
 *(SORT_BY_NAME(.fini_array.*))
 *(.fini_array)
                [!provide]                        PROVIDE (__fini_array_end = .)
                0x0000025c                        . = ALIGN (0x4)
                0x0000025c                        __data_end__ = .

.igot.plt       0x0000025c        0x0
 .igot.plt      0x0000025c        0x0 CMakeFiles\playdate_c_project_DEVICE.dir\src\main.c.obj

.bss            0x0000025c        0x8
                0x0000025c                        . = ALIGN (0x4)
                0x0000025c                        __bss_start__ = .
 *(.bss*)
 .bss.font      0x0000025c        0x4 CMakeFiles\playdate_c_project_DEVICE.dir\src\main.c.obj
                0x0000025c                font
 .bss.pdrealloc
                0x00000260        0x4 CMakeFiles\playdate_c_project_DEVICE.dir\C_\PlaydateDependencies\playdate_sdk\PlaydateSDK\C_API\buildsupport\setup.c.obj
 *(COMMON)
 *(COM)
                0x00000264                        . = ALIGN (0x4)
                0x00000264                        __bss_end__ = .

/DISCARD/
 *(.ARM.exidx)
OUTPUT(playdate_c_project_DEVICE.elf elf32-littlearm)
LOAD linker stubs

.debug_info     0x00000000     0xc1fb
 .debug_info    0x00000000     0x5d2a CMakeFiles\playdate_c_project_DEVICE.dir\src\main.c.obj
 .debug_info    0x00005d2a     0x64d1 CMakeFiles\playdate_c_project_DEVICE.dir\C_\PlaydateDependencies\playdate_sdk\PlaydateSDK\C_API\buildsupport\setup.c.obj

.debug_abbrev   0x00000000      0x554
 .debug_abbrev  0x00000000      0x27f CMakeFiles\playdate_c_project_DEVICE.dir\src\main.c.obj
 .debug_abbrev  0x0000027f      0x2d5 CMakeFiles\playdate_c_project_DEVICE.dir\C_\PlaydateDependencies\playdate_sdk\PlaydateSDK\C_API\buildsupport\setup.c.obj

.debug_loc      0x00000000      0x150
 .debug_loc     0x00000000       0x70 CMakeFiles\playdate_c_project_DEVICE.dir\src\main.c.obj
 .debug_loc     0x00000070       0xe0 CMakeFiles\playdate_c_project_DEVICE.dir\C_\PlaydateDependencies\playdate_sdk\PlaydateSDK\C_API\buildsupport\setup.c.obj

.debug_aranges  0x00000000       0x60
 .debug_aranges
                0x00000000       0x28 CMakeFiles\playdate_c_project_DEVICE.dir\src\main.c.obj
 .debug_aranges
                0x00000028       0x38 CMakeFiles\playdate_c_project_DEVICE.dir\C_\PlaydateDependencies\playdate_sdk\PlaydateSDK\C_API\buildsupport\setup.c.obj

.debug_ranges   0x00000000       0x40
 .debug_ranges  0x00000000       0x18 CMakeFiles\playdate_c_project_DEVICE.dir\src\main.c.obj
 .debug_ranges  0x00000018       0x28 CMakeFiles\playdate_c_project_DEVICE.dir\C_\PlaydateDependencies\playdate_sdk\PlaydateSDK\C_API\buildsupport\setup.c.obj

.debug_line     0x00000000      0x745
 .debug_line    0x00000000      0x3c7 CMakeFiles\playdate_c_project_DEVICE.dir\src\main.c.obj
 .debug_line    0x000003c7      0x37e CMakeFiles\playdate_c_project_DEVICE.dir\C_\PlaydateDependencies\playdate_sdk\PlaydateSDK\C_API\buildsupport\setup.c.obj

.debug_str      0x00000000     0x2dc1
 .debug_str     0x00000000     0x2dc1 CMakeFiles\playdate_c_project_DEVICE.dir\src\main.c.obj
                               0x2c40 (size before relaxing)
 .debug_str     0x00002dc1     0x2f76 CMakeFiles\playdate_c_project_DEVICE.dir\C_\PlaydateDependencies\playdate_sdk\PlaydateSDK\C_API\buildsupport\setup.c.obj

.comment        0x00000000       0x45
 .comment       0x00000000       0x45 CMakeFiles\playdate_c_project_DEVICE.dir\src\main.c.obj
                                 0x46 (size before relaxing)
 .comment       0x00000045       0x46 CMakeFiles\playdate_c_project_DEVICE.dir\C_\PlaydateDependencies\playdate_sdk\PlaydateSDK\C_API\buildsupport\setup.c.obj

.ARM.attributes
                0x00000000       0x34
 .ARM.attributes
                0x00000000       0x34 CMakeFiles\playdate_c_project_DEVICE.dir\src\main.c.obj
 .ARM.attributes
                0x00000034       0x34 CMakeFiles\playdate_c_project_DEVICE.dir\C_\PlaydateDependencies\playdate_sdk\PlaydateSDK\C_API\buildsupport\setup.c.obj

.debug_frame    0x00000000       0xd0
 .debug_frame   0x00000000       0x50 CMakeFiles\playdate_c_project_DEVICE.dir\src\main.c.obj
 .debug_frame   0x00000050       0x80 CMakeFiles\playdate_c_project_DEVICE.dir\C_\PlaydateDependencies\playdate_sdk\PlaydateSDK\C_API\buildsupport\setup.c.obj

Cross Reference Table

Symbol                                            File
_free_r                                           CMakeFiles\playdate_c_project_DEVICE.dir\C_\PlaydateDependencies\playdate_sdk\PlaydateSDK\C_API\buildsupport\setup.c.obj
_malloc_r                                         CMakeFiles\playdate_c_project_DEVICE.dir\C_\PlaydateDependencies\playdate_sdk\PlaydateSDK\C_API\buildsupport\setup.c.obj
_realloc_r                                        CMakeFiles\playdate_c_project_DEVICE.dir\C_\PlaydateDependencies\playdate_sdk\PlaydateSDK\C_API\buildsupport\setup.c.obj
dx                                                CMakeFiles\playdate_c_project_DEVICE.dir\src\main.c.obj
dy                                                CMakeFiles\playdate_c_project_DEVICE.dir\src\main.c.obj
eventHandler                                      CMakeFiles\playdate_c_project_DEVICE.dir\src\main.c.obj
                                                  CMakeFiles\playdate_c_project_DEVICE.dir\C_\PlaydateDependencies\playdate_sdk\PlaydateSDK\C_API\buildsupport\setup.c.obj
eventHandlerShim                                  CMakeFiles\playdate_c_project_DEVICE.dir\C_\PlaydateDependencies\playdate_sdk\PlaydateSDK\C_API\buildsupport\setup.c.obj
font                                              CMakeFiles\playdate_c_project_DEVICE.dir\src\main.c.obj
fontpath                                          CMakeFiles\playdate_c_project_DEVICE.dir\src\main.c.obj
x                                                 CMakeFiles\playdate_c_project_DEVICE.dir\src\main.c.obj
y                                                 CMakeFiles\playdate_c_project_DEVICE.dir\src\main.c.obj
